// Jest Snapshot v1, https://goo.gl/fbAQLP

exports[`should render correctly 1`] = `
Object {
  "asFragment": [Function],
  "baseElement": <body>
    <div>
      <div
        class="header"
      >
        Header
      </div>
      <div
        class="banner"
      >
        Banner
      </div>
      <div
        class="dropbox"
      >
        <div>
          <h2>
            University filter
          </h2>
        </div>
        <form
          action="#"
          method="POST"
        >
          <select
            name="universities"
          >
            <option>
              Choose university
            </option>
            <optgroup
              label="U_G_1"
            >
              <option
                value="u1"
              >
                u1
              </option>
              <option
                value="u2"
              >
                u2
              </option>
            </optgroup>
            <optgroup
              label="U_G_2"
            >
              <option
                value="u3"
              >
                u3
              </option>
              <option
                value="u4"
              >
                u4
              </option>
            </optgroup>
          </select>
          <select
            name="direction"
          >
            <option>
              Choose direction
            </option>
            <option
              value="d1"
            >
              d1
            </option>
            <option
              value="d2"
            >
              d2
            </option>
            <option
              value="d3"
            >
              d3
            </option>
            <option
              value="d4"
            >
              d4
            </option>
          </select>
          <select
            name="speciality"
          >
            <option>
              Choose speciality
            </option>
            <option
              value="s1"
            >
              s1
            </option>
            <option
              value="s2"
            >
              s2
            </option>
            <option
              value="s3"
            >
              s3
            </option>
            <option
              value="s4"
            >
              s4
            </option>
          </select>
          <button
            type="submit"
          >
            Submit
          </button>
        </form>
      </div>
      <div
        class="about"
      >
        About
      </div>
      <div
        class="cta"
      >
        Call to action
      </div>
      <div
        class="partners"
      >
        Partners
      </div>
      <div
        class="footer"
      >
        Footer
      </div>
    </div>
  </body>,
  "container": <div>
    <div
      class="header"
    >
      Header
    </div>
    <div
      class="banner"
    >
      Banner
    </div>
    <div
      class="dropbox"
    >
      <div>
        <h2>
          University filter
        </h2>
      </div>
      <form
        action="#"
        method="POST"
      >
        <select
          name="universities"
        >
          <option>
            Choose university
          </option>
          <optgroup
            label="U_G_1"
          >
            <option
              value="u1"
            >
              u1
            </option>
            <option
              value="u2"
            >
              u2
            </option>
          </optgroup>
          <optgroup
            label="U_G_2"
          >
            <option
              value="u3"
            >
              u3
            </option>
            <option
              value="u4"
            >
              u4
            </option>
          </optgroup>
        </select>
        <select
          name="direction"
        >
          <option>
            Choose direction
          </option>
          <option
            value="d1"
          >
            d1
          </option>
          <option
            value="d2"
          >
            d2
          </option>
          <option
            value="d3"
          >
            d3
          </option>
          <option
            value="d4"
          >
            d4
          </option>
        </select>
        <select
          name="speciality"
        >
          <option>
            Choose speciality
          </option>
          <option
            value="s1"
          >
            s1
          </option>
          <option
            value="s2"
          >
            s2
          </option>
          <option
            value="s3"
          >
            s3
          </option>
          <option
            value="s4"
          >
            s4
          </option>
        </select>
        <button
          type="submit"
        >
          Submit
        </button>
      </form>
    </div>
    <div
      class="about"
    >
      About
    </div>
    <div
      class="cta"
    >
      Call to action
    </div>
    <div
      class="partners"
    >
      Partners
    </div>
    <div
      class="footer"
    >
      Footer
    </div>
  </div>,
  "debug": [Function],
  "findAllByAltText": [Function],
  "findAllByDisplayValue": [Function],
  "findAllByLabelText": [Function],
  "findAllByPlaceholderText": [Function],
  "findAllByRole": [Function],
  "findAllByTestId": [Function],
  "findAllByText": [Function],
  "findAllByTitle": [Function],
  "findByAltText": [Function],
  "findByDisplayValue": [Function],
  "findByLabelText": [Function],
  "findByPlaceholderText": [Function],
  "findByRole": [Function],
  "findByTestId": [Function],
  "findByText": [Function],
  "findByTitle": [Function],
  "getAllByAltText": [Function],
  "getAllByDisplayValue": [Function],
  "getAllByLabelText": [Function],
  "getAllByPlaceholderText": [Function],
  "getAllByRole": [Function],
  "getAllByTestId": [Function],
  "getAllByText": [Function],
  "getAllByTitle": [Function],
  "getByAltText": [Function],
  "getByDisplayValue": [Function],
  "getByLabelText": [Function],
  "getByPlaceholderText": [Function],
  "getByRole": [Function],
  "getByTestId": [Function],
  "getByText": [Function],
  "getByTitle": [Function],
  "queryAllByAltText": [Function],
  "queryAllByDisplayValue": [Function],
  "queryAllByLabelText": [Function],
  "queryAllByPlaceholderText": [Function],
  "queryAllByRole": [Function],
  "queryAllByTestId": [Function],
  "queryAllByText": [Function],
  "queryAllByTitle": [Function],
  "queryByAltText": [Function],
  "queryByDisplayValue": [Function],
  "queryByLabelText": [Function],
  "queryByPlaceholderText": [Function],
  "queryByRole": [Function],
  "queryByTestId": [Function],
  "queryByText": [Function],
  "queryByTitle": [Function],
  "rerender": [Function],
  "unmount": [Function],
}
`;
